##################################################
##################################################

                    █████████████████████████████
  ██   ███   █████      ███  ███  ██     ███    █
 █  █  █  █    █     ██████ █ █ █ ████ ████  ████
 ████  ████    █       ████ ██ ██ ████ █████   ██
 █  █  █ █     █     ██████ █████ ████ ███████  █
 █  █  █  █    █        ███ █████ ██     ██    ██
                    █████████████████████████████

##################################################
##################################################
           Ab Initio Restructuring Tool           
    Enabling Modelling of Interface Structures    

 Welcome to ARTEMIS version development version 1.0.2
 (build Dec  9 2021 10:00:50)

 Authors:
 N. T. Taylor, F. H. Davies, I. E. M. Rudkin, S. P. Hepplestone

 Contributors:
 C. J. Price, T. H. Chan, J. Pitfield, E. A. D. Baker, S. G. Davies

 Artistic advisors:
 E. L. Martin

 LICENCE:
 This work is licensed under a Creative Commons Attribution-NonCommercial 3.0 Unported (CC BY-NC 3.0) License.
 https://creativecommons.org/licenses/by-nc/3.0/

##################################################
 executed on 2021.12.09 at 10:6:19
Using file 'param.in'
 Output files will be VASP formatted
 clock seed: 514355686
Using file 'POSCAR'
2nd structure file not supplied
  As is not necessary for this run, skipping...
##################################################
 task 0 set
 Performing Cell Edits
 Using supplied plane...
 Term.   Min layer loc   Max layer loc   no. atoms
   1        0.45771         0.54229          3
##################################################
##################################################

                    █████████████████████████████
  ██   ███   █████      ███  ███  ██     ███    █
 █  █  █  █    █     ██████ █ █ █ ████ ████  ████
 ████  ████    █       ████ ██ ██ ████ █████   ██
 █  █  █ █     █     ██████ █████ ████ ███████  █
 █  █  █  █    █        ███ █████ ██     ██    ██
                    █████████████████████████████

##################################################
##################################################
           Ab Initio Restructuring Tool           
    Enabling Modelling of Interface Structures    

 Welcome to ARTEMIS version development version 1.0.2
 (build Dec  9 2021 11:41:21)

 Authors:
 N. T. Taylor, F. H. Davies, I. E. M. Rudkin, S. P. Hepplestone

 Contributors:
 C. J. Price, T. H. Chan, J. Pitfield, E. A. D. Baker, S. G. Davies

 Artistic advisors:
 E. L. Martin

 LICENCE:
 This work is licensed under a Creative Commons Attribution-NonCommercial 3.0 Unported (CC BY-NC 3.0) License.
 https://creativecommons.org/licenses/by-nc/3.0/

##################################################
 executed on 2021.12.09 at 11:44:31
Using file 'param.in'
 Output files will be VASP formatted
 clock seed: 520248441
Using file 'POSCAR'
2nd structure file not supplied
  As is not necessary for this run, skipping...
##################################################
 task 0 set
 Performing Cell Edits
 Using supplied plane...
 Term.   Min layer loc   Max layer loc   no. atoms
   1        0.45771         0.54229          3
